2026-08-25 12:59:49,064 [INFO] root: AutoBox 启动中...
2026-08-25 12:59:49,065 [INFO] root: 网页服务启动中: http://127.0.0.1:8000
2026-08-25 12:59:49,101 [INFO] apscheduler.scheduler: Scheduler started
2026-08-25 12:59:49,109 [INFO] apscheduler.scheduler: Added job "schedule_task.<locals>.<lambda>" to job store "default"
2026-08-25 13:00:34,375 [INFO] root: 窗口关闭，正在停止服务
2026-08-25 13:00:34,500 [INFO] apscheduler.scheduler: Scheduler has been shut down
2026-08-25 13:00:34,506 [INFO] root: 网页服务已停止
2026-08-25 13:00:34,870 [INFO] root: AutoBox 已退出
2026-08-25 13:23:36,919 [INFO] root: AutoBox 启动中...
2026-08-25 13:23:36,919 [INFO] root: 网页服务启动中: http://127.0.0.1:8000
2026-08-25 13:23:36,956 [INFO] apscheduler.scheduler: Scheduler started
2026-08-25 13:23:36,963 [INFO] apscheduler.scheduler: Added job "schedule_task.<locals>.<lambda>" to job store "default"
2026-08-25 13:24:43,975 [INFO] root: 窗口关闭，正在停止服务
2026-08-25 13:24:44,088 [INFO] apscheduler.scheduler: Scheduler has been shut down
2026-08-25 13:24:44,095 [INFO] root: 网页服务已停止
2026-08-25 13:24:44,438 [INFO] root: AutoBox 已退出
2026-08-25 14:40:18,159 [INFO] root: AutoBox 启动中...
2026-08-25 14:40:18,159 [INFO] root: 网页服务启动中: http://127.0.0.1:8000
2026-08-25 14:40:18,201 [INFO] apscheduler.scheduler: Scheduler started
2026-08-25 14:40:18,207 [INFO] apscheduler.scheduler: Added job "schedule_task.<locals>.<lambda>" to job store "default"
2026-08-25 14:41:15,160 [INFO] root: 窗口关闭，正在停止服务
2026-08-25 14:41:15,368 [INFO] apscheduler.scheduler: Scheduler has been shut down
2026-08-25 14:41:15,379 [INFO] root: 网页服务已停止
2026-08-25 14:41:15,714 [INFO] root: AutoBox 已退出
2026-08-25 14:45:13,893 [INFO] root: AutoBox 启动中...
2026-08-25 14:45:13,894 [INFO] root: 网页服务启动中: http://127.0.0.1:8000
2026-08-25 14:45:13,939 [INFO] apscheduler.scheduler: Scheduler started
2026-08-25 14:45:13,946 [INFO] apscheduler.scheduler: Added job "schedule_task.<locals>.<lambda>" to job store "default"
2026-08-25 14:49:08,727 [INFO] root: 窗口关闭，正在停止服务
2026-08-25 14:49:08,933 [INFO] apscheduler.scheduler: Scheduler has been shut down
2026-08-25 14:49:08,941 [INFO] root: 网页服务已停止
2026-08-25 14:49:09,227 [INFO] root: AutoBox 已退出
2026-08-25 14:50:26,425 [INFO] root: AutoBox 启动中...
2026-08-25 14:50:26,426 [INFO] root: 网页服务启动中: http://127.0.0.1:8000
2026-08-25 14:50:26,484 [INFO] apscheduler.scheduler: Scheduler started
2026-08-25 14:50:26,517 [INFO] apscheduler.scheduler: Added job "schedule_task.<locals>.<lambda>" to job store "default"
2026-08-25 14:52:22,701 [INFO] root: 窗口关闭，正在停止服务
2026-08-25 14:52:22,848 [INFO] apscheduler.scheduler: Scheduler has been shut down
2026-08-25 14:52:22,855 [INFO] root: 网页服务已停止
2026-08-25 14:52:23,258 [INFO] root: AutoBox 已退出
